// Jest Snapshot v1, https://goo.gl/fbAQLP

exports[`PrimeraApp testing should show <PrimeraApp /> correctly" 1`] = `
<Fragment>
  <h1>
    Salude caramba!
  </h1>
  <p>
    I'm a subtitle
  </p>
</Fragment>
`;
